// Jest Snapshot v1, https://goo.gl/fbAQLP

exports[`test case files parses Sample.java (java) 1`] = `
{
  "comments": [
    "/**
   * Sample is a class
   */",
    "// this is a comment",
  ],
  "identifiers": [
    {
      "name": "parsers",
      "type": "packageDeclaration",
    },
    {
      "name": "languages",
      "type": "packageDeclaration",
    },
    {
      "name": "__tests__",
      "type": "packageDeclaration",
    },
    {
      "name": "input",
      "type": "packageDeclaration",
    },
    {
      "name": "Sample",
      "type": "typeIdentifier",
    },
    {
      "name": "get_annual_income_deduction",
      "type": "methodDeclarator",
    },
    {
      "name": "a",
      "type": "variableDeclaratorId",
    },
    {
      "name": "b",
      "type": "variableDeclaratorId",
    },
    {
      "name": "a",
      "type": "fqnOrRefTypePartCommon",
    },
    {
      "name": "b",
      "type": "fqnOrRefTypePartCommon",
    },
    {
      "name": "paye_tax_bracket",
      "type": "variableDeclaratorId",
    },
    {
      "name": "String",
      "type": "unannClassType",
    },
    {
      "name": "get_payslip_for_paye",
      "type": "methodDeclarator",
    },
  ],
}
`;

exports[`test case files parses sample.js (javascript) 1`] = `
{
  "comments": [
    "*
 * comments yay
 * @param {number} a
 * @param {number} b
 ",
    " an inline comment",
  ],
  "identifiers": [
    {
      "name": "a",
      "type": "FunctionDeclaration.argument",
    },
    {
      "name": "b",
      "type": "FunctionDeclaration.argument",
    },
    {
      "name": "add",
      "type": "FunctionDeclaration.ownId",
    },
  ],
}
`;

exports[`test case files parses sample.py (python) 1`] = `
{
  "comments": [
    "
Hiii
",
    "# inline commenttt",
  ],
  "identifiers": [
    {
      "name": "x",
      "type": "FunctionDeclaration.argument",
    },
    {
      "name": "y",
      "type": "FunctionDeclaration.argument",
    },
    {
      "name": "subtract",
      "type": "FunctionDeclaration.ownId",
    },
  ],
}
`;
